Microsoft (R) Visual C# Compiler version 4.8.9232.0
for C# 5
Copyright (C) Microsoft Corporation. All rights reserved.

This compiler is provided as part of the Microsoft (R) .NET Framework, but only supports language versions up to C# 5, which is no longer the latest version. For compilers that support newer versions of the C# programming language, see http://go.microsoft.com/fwlink/?LinkID=533240

error CS0016: No se puede escribir en el archivo de salida 'c:\Users\Usuario\.gemini\antigravity\scratch\SafeDisplay\SafeDisplay.exe' -- 'El proceso no tiene acceso al archivo porque est  siendo utilizado por otro proceso. '
